// Jest Snapshot v1, https://goo.gl/fbAQLP

exports[`app getFrontendApp please review routes and update snapshot when adding or modifying the routes! 1`] = `
":* ^/?(?=/|$)^/public/?(?=/|$)^/?(?=/|$)
	query,expressInit,elapsedTimeMetrics,sentryRequestMiddleware,urlencodedParser,jsonParser,cookieParser,LogMiddleware,serveStatic
:* ^/?(?=/|$)^/public/?(?=/|$)^/css-reset/?(?=/|$)
	query,expressInit,elapsedTimeMetrics,sentryRequestMiddleware,urlencodedParser,jsonParser,cookieParser,LogMiddleware,serveStatic
:* ^/?(?=/|$)^/public/?(?=/|$)^/primer/?(?=/|$)
	query,expressInit,elapsedTimeMetrics,sentryRequestMiddleware,urlencodedParser,jsonParser,cookieParser,LogMiddleware,serveStatic
:* ^/?(?=/|$)^/public/?(?=/|$)^/atlassian-ui-kit/?(?=/|$)
	query,expressInit,elapsedTimeMetrics,sentryRequestMiddleware,urlencodedParser,jsonParser,cookieParser,LogMiddleware,serveStatic
:* ^/?(?=/|$)^/public/?(?=/|$)^/aui/?(?=/|$)
	query,expressInit,elapsedTimeMetrics,sentryRequestMiddleware,urlencodedParser,jsonParser,cookieParser,LogMiddleware,serveStatic
:* ^/?(?=/|$)^/spa/?(?=/|$)^/static/?(?=/|$)
	query,expressInit,elapsedTimeMetrics,sentryRequestMiddleware,urlencodedParser,jsonParser,cookieParser,LogMiddleware,serveStatic
:GET ^/?(?=/|$)^/rest/?(?=/|$)^/subscriptions/?(?=/|$)^/?$
	query,expressInit,elapsedTimeMetrics,sentryRequestMiddleware,urlencodedParser,jsonParser,cookieParser,LogMiddleware,JwtHandler,jiraAdminEnforceMiddleware,SubscriptionsGet
:GET ^/?(?=/|$)^/rest/?(?=/|$)^/subscriptions/?(?=/|$)^/backfill-status/?$
	query,expressInit,elapsedTimeMetrics,sentryRequestMiddleware,urlencodedParser,jsonParser,cookieParser,LogMiddleware,JwtHandler,jiraAdminEnforceMiddleware,GetSubBackfillStatusHandler
:DELETE ^/?(?=/|$)^/rest/?(?=/|$)^/subscriptions/?(?=/|$)^/?$
	query,expressInit,elapsedTimeMetrics,sentryRequestMiddleware,urlencodedParser,jsonParser,cookieParser,LogMiddleware,JwtHandler,jiraAdminEnforceMiddleware,SubscriptionDelete
:POST ^/?(?=/|$)^/rest/?(?=/|$)^/subscriptions/?(?=/|$)^/sync/?$
	query,expressInit,elapsedTimeMetrics,sentryRequestMiddleware,urlencodedParser,jsonParser,cookieParser,LogMiddleware,JwtHandler,jiraAdminEnforceMiddleware,SyncRouterHandler
:DELETE ^/?(?=/|$)^/rest/?(?=/|$)^/ghes-servers/(?:([^/]+?))/?(?=/|$)^/?$
	query,expressInit,elapsedTimeMetrics,sentryRequestMiddleware,urlencodedParser,jsonParser,cookieParser,LogMiddleware,JwtHandler,jiraAdminEnforceMiddleware,deleteEnterpriseServerHandler
:GET ^/?(?=/|$)^/rest/?(?=/|$)^/app/(?:([^/]+?))/?(?=/|$)^/github-callback/?$
	query,expressInit,elapsedTimeMetrics,sentryRequestMiddleware,urlencodedParser,jsonParser,cookieParser,LogMiddleware,OAuthCallbackHandler
:GET ^/?(?=/|$)^/rest/?(?=/|$)^/app/(?:([^/]+?))/?(?=/|$)^/github-installed/?$
	query,expressInit,elapsedTimeMetrics,sentryRequestMiddleware,urlencodedParser,jsonParser,cookieParser,LogMiddleware,OrgsInstalledHandler
:GET ^/?(?=/|$)^/rest/?(?=/|$)^/app/(?:([^/]+?))/?(?=/|$)^/github-requested/?$
	query,expressInit,elapsedTimeMetrics,sentryRequestMiddleware,urlencodedParser,jsonParser,cookieParser,LogMiddleware,OrgsInstallRequestedHandler
:GET ^/?(?=/|$)^/rest/?(?=/|$)^/app/(?:([^/]+?))/?(?=/|$)^/oauth/?(?=/|$)^/redirectUrl/?$
	query,expressInit,elapsedTimeMetrics,sentryRequestMiddleware,urlencodedParser,jsonParser,cookieParser,LogMiddleware,OAuthRedirectUrl
:POST ^/?(?=/|$)^/rest/?(?=/|$)^/app/(?:([^/]+?))/?(?=/|$)^/oauth/?(?=/|$)^/exchangeToken/?$
	query,expressInit,elapsedTimeMetrics,sentryRequestMiddleware,urlencodedParser,jsonParser,cookieParser,LogMiddleware,OAuthExchangeToken
:POST ^/?(?=/|$)^/rest/?(?=/|$)^/app/(?:([^/]+?))/?(?=/|$)^/deferred/?(?=/|$)^/analytics-proxy/(?:([^/]+?))/?$
	query,expressInit,elapsedTimeMetrics,sentryRequestMiddleware,urlencodedParser,jsonParser,cookieParser,LogMiddleware,DeferredAnalyticsProxy
:GET ^/?(?=/|$)^/rest/?(?=/|$)^/app/(?:([^/]+?))/?(?=/|$)^/deferred/?(?=/|$)^/installation-url/?$
	query,expressInit,elapsedTimeMetrics,sentryRequestMiddleware,urlencodedParser,jsonParser,cookieParser,LogMiddleware,JwtHandler,GetDeferredInstallationUrl
:POST ^/?(?=/|$)^/rest/?(?=/|$)^/app/(?:([^/]+?))/?(?=/|$)^/deferred/?(?=/|$)^/connect/(?:([^/]+?))/?$
	query,expressInit,elapsedTimeMetrics,sentryRequestMiddleware,urlencodedParser,jsonParser,cookieParser,LogMiddleware,GitHubTokenHandler,CheckOwnershipAndConnectRoute
:GET ^/?(?=/|$)^/rest/?(?=/|$)^/app/(?:([^/]+?))/?(?=/|$)^/deferred/?(?=/|$)^/parse/(?:([^/]+?))/?$
	query,expressInit,elapsedTimeMetrics,sentryRequestMiddleware,urlencodedParser,jsonParser,cookieParser,LogMiddleware,GitHubTokenHandler,ParseRequestId
:POST ^/?(?=/|$)^/rest/?(?=/|$)^/app/(?:([^/]+?))/?(?=/|$)^/analytics-proxy/?$
	query,expressInit,elapsedTimeMetrics,sentryRequestMiddleware,urlencodedParser,jsonParser,cookieParser,LogMiddleware,JwtHandler,jiraAdminEnforceMiddleware,AnalyticsProxyHandler
:DELETE ^/?(?=/|$)^/rest/?(?=/|$)^/app/(?:([^/]+?))/?(?=/|$)^/?$
	query,expressInit,elapsedTimeMetrics,sentryRequestMiddleware,urlencodedParser,jsonParser,cookieParser,LogMiddleware,JwtHandler,jiraAdminEnforceMiddleware,tempReplaceUUID,GithubServerAppMiddleware,deleteEnterpriseAppHandler
:DELETE ^/?(?=/|$)^/rest/?(?=/|$)^/app/(?:([^/]+?))/?(?=/|$)^/?$
	query,expressInit,elapsedTimeMetrics,sentryRequestMiddleware,urlencodedParser,jsonParser,cookieParser,LogMiddleware,JwtHandler,jiraAdminEnforceMiddleware,tempReplaceUUID,GithubServerAppMiddleware,deleteEnterpriseAppHandler
:GET ^/?(?=/|$)^/rest/?(?=/|$)^/app/(?:([^/]+?))/?(?=/|$)^/installation/?(?=/|$)^/new/?$
	query,expressInit,elapsedTimeMetrics,sentryRequestMiddleware,urlencodedParser,jsonParser,cookieParser,LogMiddleware,JwtHandler,jiraAdminEnforceMiddleware,tempReplaceUUID,GithubServerAppMiddleware,GetGitHubAppsUrl
:GET ^/?(?=/|$)^/rest/?(?=/|$)^/app/(?:([^/]+?))/?(?=/|$)^/jira/cloudid/?(?=/|$)^/?$
	query,expressInit,elapsedTimeMetrics,sentryRequestMiddleware,urlencodedParser,jsonParser,cookieParser,LogMiddleware,JwtHandler,jiraAdminEnforceMiddleware,tempReplaceUUID,GithubServerAppMiddleware,JiraCloudIDGet
:GET ^/?(?=/|$)^/rest/?(?=/|$)^/app/(?:([^/]+?))/?(?=/|$)^/subscriptions/(?:([^/]+?))/?(?=/|$)^/?$
	query,expressInit,elapsedTimeMetrics,sentryRequestMiddleware,urlencodedParser,jsonParser,cookieParser,LogMiddleware,JwtHandler,jiraAdminEnforceMiddleware,tempReplaceUUID,GithubServerAppMiddleware,SubscriptionsGet
:GET ^/?(?=/|$)^/rest/?(?=/|$)^/app/(?:([^/]+?))/?(?=/|$)^/subscriptions/(?:([^/]+?))/?(?=/|$)^/backfill-status/?$
	query,expressInit,elapsedTimeMetrics,sentryRequestMiddleware,urlencodedParser,jsonParser,cookieParser,LogMiddleware,JwtHandler,jiraAdminEnforceMiddleware,tempReplaceUUID,GithubServerAppMiddleware,GetSubBackfillStatusHandler
:DELETE ^/?(?=/|$)^/rest/?(?=/|$)^/app/(?:([^/]+?))/?(?=/|$)^/subscriptions/(?:([^/]+?))/?(?=/|$)^/?$
	query,expressInit,elapsedTimeMetrics,sentryRequestMiddleware,urlencodedParser,jsonParser,cookieParser,LogMiddleware,JwtHandler,jiraAdminEnforceMiddleware,tempReplaceUUID,GithubServerAppMiddleware,SubscriptionDelete
:POST ^/?(?=/|$)^/rest/?(?=/|$)^/app/(?:([^/]+?))/?(?=/|$)^/subscriptions/(?:([^/]+?))/?(?=/|$)^/sync/?$
	query,expressInit,elapsedTimeMetrics,sentryRequestMiddleware,urlencodedParser,jsonParser,cookieParser,LogMiddleware,JwtHandler,jiraAdminEnforceMiddleware,tempReplaceUUID,GithubServerAppMiddleware,SyncRouterHandler
:GET ^/?(?=/|$)^/rest/?(?=/|$)^/app/(?:([^/]+?))/?(?=/|$)^/org/?(?=/|$)^/?$
	query,expressInit,elapsedTimeMetrics,sentryRequestMiddleware,urlencodedParser,jsonParser,cookieParser,LogMiddleware,JwtHandler,jiraAdminEnforceMiddleware,tempReplaceUUID,GithubServerAppMiddleware,GitHubTokenHandler,GitHubOrgsFetchOrgs
:POST ^/?(?=/|$)^/rest/?(?=/|$)^/app/(?:([^/]+?))/?(?=/|$)^/org/?(?=/|$)^/?$
	query,expressInit,elapsedTimeMetrics,sentryRequestMiddleware,urlencodedParser,jsonParser,cookieParser,LogMiddleware,JwtHandler,jiraAdminEnforceMiddleware,tempReplaceUUID,GithubServerAppMiddleware,GitHubTokenHandler,GitHubOrgsConnectJira
:GET ^/?(?=/|$)^/?(?=/|$)^/deepcheck/?$
	query,expressInit,elapsedTimeMetrics,sentryRequestMiddleware,urlencodedParser,jsonParser,cookieParser,LogMiddleware,DeepcheckGet
:GET ^/?(?=/|$)^/?(?=/|$)^/healthcheck/?$
	query,expressInit,elapsedTimeMetrics,sentryRequestMiddleware,urlencodedParser,jsonParser,cookieParser,LogMiddleware,HealthcheckGetPost
:POST ^/?(?=/|$)^/?(?=/|$)^/healthcheck/(?:([^/]+?))/?$
	query,expressInit,elapsedTimeMetrics,sentryRequestMiddleware,urlencodedParser,jsonParser,cookieParser,LogMiddleware,HealthcheckGetPost
:GET ^/?(?=/|$)^/version/?$
	query,expressInit,elapsedTimeMetrics,sentryRequestMiddleware,urlencodedParser,jsonParser,cookieParser,LogMiddleware,VersionGet
:GET ^/?(?=/|$)^/api/?(?=/|$)^/?$
	query,expressInit,elapsedTimeMetrics,sentryRequestMiddleware,urlencodedParser,jsonParser,cookieParser,LogMiddleware,urlencodedParser,jsonParser,LogMiddleware,slauthMiddleware,rateLimit,pingGet
:GET ^/?(?=/|$)^/api/?(?=/|$)^/configuration/?(?=/|$)^/(?:([^/]+?))/?$
	query,expressInit,elapsedTimeMetrics,sentryRequestMiddleware,urlencodedParser,jsonParser,cookieParser,LogMiddleware,urlencodedParser,jsonParser,LogMiddleware,slauthMiddleware,rateLimit,ApiConfigurationGet
:POST ^/?(?=/|$)^/api/?(?=/|$)^/configuration/?(?=/|$)^/?$
	query,expressInit,elapsedTimeMetrics,sentryRequestMiddleware,urlencodedParser,jsonParser,cookieParser,LogMiddleware,urlencodedParser,jsonParser,LogMiddleware,slauthMiddleware,rateLimit,ApiConfigurationPost
:POST ^/?(?=/|$)^/api/?(?=/|$)^(?:/([0-9a-fA-F]{8}b-[0-9a-fA-F]{4}b-[0-9a-fA-F]{4}b-[0-9a-fA-F]{4}b-[0-9a-fA-F]{12}))?/resync/?$
	query,expressInit,elapsedTimeMetrics,sentryRequestMiddleware,urlencodedParser,jsonParser,cookieParser,LogMiddleware,urlencodedParser,jsonParser,LogMiddleware,slauthMiddleware,rateLimit,middleware,middleware,returnOnValidationError,ApiResyncPost
:POST ^/?(?=/|$)^/api/?(?=/|$)^/reset-subscription-failed-tasks/?$
	query,expressInit,elapsedTimeMetrics,sentryRequestMiddleware,urlencodedParser,jsonParser,cookieParser,LogMiddleware,urlencodedParser,jsonParser,LogMiddleware,slauthMiddleware,rateLimit,ApiResetSubscriptionFailedTasks
:POST ^/?(?=/|$)^/api/?(?=/|$)^/hash/?$
	query,expressInit,elapsedTimeMetrics,sentryRequestMiddleware,urlencodedParser,jsonParser,cookieParser,LogMiddleware,urlencodedParser,jsonParser,LogMiddleware,slauthMiddleware,rateLimit,ApiHashPost
:POST ^/?(?=/|$)^/api/?(?=/|$)^/recrypt/?$
	query,expressInit,elapsedTimeMetrics,sentryRequestMiddleware,urlencodedParser,jsonParser,cookieParser,LogMiddleware,urlencodedParser,jsonParser,LogMiddleware,slauthMiddleware,rateLimit,ApiRecryptPost
:POST ^/?(?=/|$)^/api/?(?=/|$)^/ping/?$
	query,expressInit,elapsedTimeMetrics,sentryRequestMiddleware,urlencodedParser,jsonParser,cookieParser,LogMiddleware,urlencodedParser,jsonParser,LogMiddleware,slauthMiddleware,rateLimit,ApiPingPost
:POST ^/?(?=/|$)^/api/?(?=/|$)^/fill-mem-and-generate-coredump/?$
	query,expressInit,elapsedTimeMetrics,sentryRequestMiddleware,urlencodedParser,jsonParser,cookieParser,LogMiddleware,urlencodedParser,jsonParser,LogMiddleware,slauthMiddleware,rateLimit,FillMemAndGenerateCoreDump
:POST ^/?(?=/|$)^/api/?(?=/|$)^/abort/?$
	query,expressInit,elapsedTimeMetrics,sentryRequestMiddleware,urlencodedParser,jsonParser,cookieParser,LogMiddleware,urlencodedParser,jsonParser,LogMiddleware,slauthMiddleware,rateLimit,AbortPost
:POST ^/?(?=/|$)^/api/?(?=/|$)^/drop-all-pr-cursor/?$
	query,expressInit,elapsedTimeMetrics,sentryRequestMiddleware,urlencodedParser,jsonParser,cookieParser,LogMiddleware,urlencodedParser,jsonParser,LogMiddleware,slauthMiddleware,rateLimit,DropAllPrCursor
:DELETE ^/?(?=/|$)^/api/?(?=/|$)^/deleteInstallation/(?:([^/]+?))/(?:([^/]+?))/github-app-id/(?:([^/]+?))/?$
	query,expressInit,elapsedTimeMetrics,sentryRequestMiddleware,urlencodedParser,jsonParser,cookieParser,LogMiddleware,urlencodedParser,jsonParser,LogMiddleware,slauthMiddleware,rateLimit,middleware,middleware,returnOnValidationError,ApiInstallationDeleteForPollinator
:DELETE ^/?(?=/|$)^/api/?(?=/|$)^/deleteInstallation/(?:([^/]+?))/(?:([^/]+?))/?$
	query,expressInit,elapsedTimeMetrics,sentryRequestMiddleware,urlencodedParser,jsonParser,cookieParser,LogMiddleware,urlencodedParser,jsonParser,LogMiddleware,slauthMiddleware,rateLimit,middleware,middleware,returnOnValidationError,ApiInstallationDeleteForPollinator
:POST ^/?(?=/|$)^/api/?(?=/|$)^/db-migration/?(?=/|$)^/up/?$
	query,expressInit,elapsedTimeMetrics,sentryRequestMiddleware,urlencodedParser,jsonParser,cookieParser,LogMiddleware,urlencodedParser,jsonParser,LogMiddleware,slauthMiddleware,rateLimit,DBMigrationUp
:POST ^/?(?=/|$)^/api/?(?=/|$)^/db-migration/?(?=/|$)^/down/?$
	query,expressInit,elapsedTimeMetrics,sentryRequestMiddleware,urlencodedParser,jsonParser,cookieParser,LogMiddleware,urlencodedParser,jsonParser,LogMiddleware,slauthMiddleware,rateLimit,DBMigrationDown
:POST ^/?(?=/|$)^/api/?(?=/|$)^/recover-client-key/?$
	query,expressInit,elapsedTimeMetrics,sentryRequestMiddleware,urlencodedParser,jsonParser,cookieParser,LogMiddleware,urlencodedParser,jsonParser,LogMiddleware,slauthMiddleware,rateLimit,RecoverClientKeyPost
:POST ^/?(?=/|$)^/api/?(?=/|$)^/re-encrypt-ghes-app/?$
	query,expressInit,elapsedTimeMetrics,sentryRequestMiddleware,urlencodedParser,jsonParser,cookieParser,LogMiddleware,urlencodedParser,jsonParser,LogMiddleware,slauthMiddleware,rateLimit,ReEncryptGitHubServerAppKeysPost
:DELETE ^/?(?=/|$)^/api/?(?=/|$)^/data-cleanup/?(?=/|$)^/repo-sync-states/?$
	query,expressInit,elapsedTimeMetrics,sentryRequestMiddleware,urlencodedParser,jsonParser,cookieParser,LogMiddleware,urlencodedParser,jsonParser,LogMiddleware,slauthMiddleware,rateLimit,RepoSyncStateCleanUpOrphanDataPost
:POST ^/?(?=/|$)^/api/?(?=/|$)^/recover-commits-from-date/?$
	query,expressInit,elapsedTimeMetrics,sentryRequestMiddleware,urlencodedParser,jsonParser,cookieParser,LogMiddleware,urlencodedParser,jsonParser,LogMiddleware,slauthMiddleware,rateLimit,RecoverCommitsFromDatePost
:POST ^/?(?=/|$)^/api/?(?=/|$)^/reset-failed-pending-deployment-cursor/?$
	query,expressInit,elapsedTimeMetrics,sentryRequestMiddleware,urlencodedParser,jsonParser,cookieParser,LogMiddleware,urlencodedParser,jsonParser,LogMiddleware,slauthMiddleware,rateLimit,ResetFailedAndPendingDeploymentCursorPost
:POST ^/?(?=/|$)^/api/?(?=/|$)^/replay-rejected-entities-from-data-depot/?$
	query,expressInit,elapsedTimeMetrics,sentryRequestMiddleware,urlencodedParser,jsonParser,cookieParser,LogMiddleware,urlencodedParser,jsonParser,LogMiddleware,slauthMiddleware,rateLimit,ApiReplyFailedEntitiesFromDataDepotPost
:POST ^/?(?=/|$)^/api/?(?=/|$)^/resync-failed-tasks/?$
	query,expressInit,elapsedTimeMetrics,sentryRequestMiddleware,urlencodedParser,jsonParser,cookieParser,LogMiddleware,urlencodedParser,jsonParser,LogMiddleware,slauthMiddleware,rateLimit,ApiResyncFailedTasksPost
:POST ^/?(?=/|$)^/api/?(?=/|$)^/verify/githubapp/(?:([^/]+?))/?(?=/|$)^/verify-get-apps/?$
	query,expressInit,elapsedTimeMetrics,sentryRequestMiddleware,urlencodedParser,jsonParser,cookieParser,LogMiddleware,urlencodedParser,jsonParser,LogMiddleware,slauthMiddleware,rateLimit,GHESVerifyGetApps
:GET ^/?(?=/|$)^/api/?(?=/|$)^/audit-log/?(?=/|$)^/subscription/(?:([^/]+?))/?$
	query,expressInit,elapsedTimeMetrics,sentryRequestMiddleware,urlencodedParser,jsonParser,cookieParser,LogMiddleware,urlencodedParser,jsonParser,LogMiddleware,slauthMiddleware,rateLimit,middleware,middleware,middleware,middleware,returnOnValidationError,ApiAuditLogGetBySubscriptionId
:POST ^/?(?=/|$)^/api/?(?=/|$)^/jira/?(?=/|$)^/(?:([^/]+?))/verify/?$
	query,expressInit,elapsedTimeMetrics,sentryRequestMiddleware,urlencodedParser,jsonParser,cookieParser,LogMiddleware,urlencodedParser,jsonParser,LogMiddleware,slauthMiddleware,rateLimit,middleware,returnOnValidationError,ApiJiraVerifyPost
:POST ^/?(?=/|$)^/api/?(?=/|$)^/jira/?(?=/|$)^/(?:([^/]+?))/uninstall/?$
	query,expressInit,elapsedTimeMetrics,sentryRequestMiddleware,urlencodedParser,jsonParser,cookieParser,LogMiddleware,urlencodedParser,jsonParser,LogMiddleware,slauthMiddleware,rateLimit,middleware,returnOnValidationError,ApiJiraUninstallPost
:GET ^/?(?=/|$)^/api/?(?=/|$)^/jira/?(?=/|$)^/(?:([^/]+?))/?$
	query,expressInit,elapsedTimeMetrics,sentryRequestMiddleware,urlencodedParser,jsonParser,cookieParser,LogMiddleware,urlencodedParser,jsonParser,LogMiddleware,slauthMiddleware,rateLimit,middleware,returnOnValidationError,ApiJiraGet
:POST ^/?(?=/|$)^/api/?(?=/|$)^/(?:([^/]+?))/?(?=/|$)^(/githubapp/(?:(d+)))?/?(?=/|$)^/sync/?$
	query,expressInit,elapsedTimeMetrics,sentryRequestMiddleware,urlencodedParser,jsonParser,cookieParser,LogMiddleware,urlencodedParser,jsonParser,LogMiddleware,slauthMiddleware,rateLimit,middleware,returnOnValidationError,ApiInstallationSyncPost
:GET ^/?(?=/|$)^/api/?(?=/|$)^/(?:([^/]+?))/?(?=/|$)^(/githubapp/(?:(d+)))?/?(?=/|$)^/?$
	query,expressInit,elapsedTimeMetrics,sentryRequestMiddleware,urlencodedParser,jsonParser,cookieParser,LogMiddleware,urlencodedParser,jsonParser,LogMiddleware,slauthMiddleware,rateLimit,middleware,returnOnValidationError,ApiInstallationGet
:GET ^/?(?=/|$)^/api/?(?=/|$)^/(?:([^/]+?))/?(?=/|$)^(/githubapp/(?:(d+)))?/?(?=/|$)^/(?:([^/]+?))/syncstate/?$
	query,expressInit,elapsedTimeMetrics,sentryRequestMiddleware,urlencodedParser,jsonParser,cookieParser,LogMiddleware,urlencodedParser,jsonParser,LogMiddleware,slauthMiddleware,rateLimit,middleware,returnOnValidationError,middleware,returnOnValidationError,ApiInstallationSyncstateGet
:DELETE ^/?(?=/|$)^/api/?(?=/|$)^/(?:([^/]+?))/?(?=/|$)^(/githubapp/(?:(d+)))?/?(?=/|$)^/(?:([^/]+?))/?$
	query,expressInit,elapsedTimeMetrics,sentryRequestMiddleware,urlencodedParser,jsonParser,cookieParser,LogMiddleware,urlencodedParser,jsonParser,LogMiddleware,slauthMiddleware,rateLimit,middleware,returnOnValidationError,middleware,returnOnValidationError,ApiInstallationDelete
:GET ^/?(?=/|$)^/microscope/dlq/?(?=/|$)^/healthcheck/?$
	query,expressInit,elapsedTimeMetrics,sentryRequestMiddleware,urlencodedParser,jsonParser,cookieParser,LogMiddleware,microscopeDlqHealthcheck
:GET ^/?(?=/|$)^/microscope/dlq/?(?=/|$)^/queues/?$
	query,expressInit,elapsedTimeMetrics,sentryRequestMiddleware,urlencodedParser,jsonParser,cookieParser,LogMiddleware,queryQueues
:POST ^/?(?=/|$)^/microscope/dlq/?(?=/|$)^/attributes/?$
	query,expressInit,elapsedTimeMetrics,sentryRequestMiddleware,urlencodedParser,jsonParser,cookieParser,LogMiddleware,queryQueueAttributes
:GET ^/?(?=/|$)^/microscope/dlq/?(?=/|$)^/queue/(?:([^/]+?))/messages/?$
	query,expressInit,elapsedTimeMetrics,sentryRequestMiddleware,urlencodedParser,jsonParser,cookieParser,LogMiddleware,queryQueueMessages
:POST ^/?(?=/|$)^/microscope/dlq/?(?=/|$)^/queue/(?:([^/]+?))/message/?$
	query,expressInit,elapsedTimeMetrics,sentryRequestMiddleware,urlencodedParser,jsonParser,cookieParser,LogMiddleware,requeueMessage
:DELETE ^/?(?=/|$)^/microscope/dlq/?(?=/|$)^/queue/(?:([^/]+?))/message/?$
	query,expressInit,elapsedTimeMetrics,sentryRequestMiddleware,urlencodedParser,jsonParser,cookieParser,LogMiddleware,deleteMessage
:POST ^/?(?=/|$)^/microscope/dlq/?(?=/|$)^/queue/(?:([^/]+?))/requeue/?$
	query,expressInit,elapsedTimeMetrics,sentryRequestMiddleware,urlencodedParser,jsonParser,cookieParser,LogMiddleware,requeueMessages
:DELETE ^/?(?=/|$)^/microscope/dlq/?(?=/|$)^/queue/(?:([^/]+?))/messages/?$
	query,expressInit,elapsedTimeMetrics,sentryRequestMiddleware,urlencodedParser,jsonParser,cookieParser,LogMiddleware,deleteMessages
:GET ^/?(?=/|$)^/?(?=/|$)^/maintenance/?$
	query,expressInit,elapsedTimeMetrics,sentryRequestMiddleware,urlencodedParser,jsonParser,cookieParser,LogMiddleware,maintenanceMiddleware,MaintenanceGet
:GET ^/?(?=/|$)(?:^/session/?$|^/session/(.*)/?$)
	query,expressInit,elapsedTimeMetrics,sentryRequestMiddleware,urlencodedParser,jsonParser,cookieParser,LogMiddleware,SessionGet
:GET ^/?(?=/|$)^/create-branch-options/?$
	query,expressInit,elapsedTimeMetrics,sentryRequestMiddleware,urlencodedParser,jsonParser,cookieParser,LogMiddleware,_cookieSession,jiraSymmetricJwtMiddleware,GithubCreateBranchOptionsGet
:GET ^/?(?=/|$)^/github/?(?=/|$)^(?:/([0-9a-fA-F]{8}b-[0-9a-fA-F]{4}b-[0-9a-fA-F]{4}b-[0-9a-fA-F]{4}b-[0-9a-fA-F]{12}))?/?(?=/|$)^/callback/?$
	query,expressInit,elapsedTimeMetrics,sentryRequestMiddleware,urlencodedParser,jsonParser,cookieParser,LogMiddleware,_cookieSession,GithubOAuthCallbackGet
:GET ^/?(?=/|$)^/github/?(?=/|$)^(?:/([0-9a-fA-F]{8}b-[0-9a-fA-F]{4}b-[0-9a-fA-F]{4}b-[0-9a-fA-F]{4}b-[0-9a-fA-F]{12}))?/?(?=/|$)^/setup/?$
	query,expressInit,elapsedTimeMetrics,sentryRequestMiddleware,urlencodedParser,jsonParser,cookieParser,LogMiddleware,_cookieSession,GitHub5KURedirectHandler
:POST ^/?(?=/|$)^/github/?(?=/|$)^(?:/([0-9a-fA-F]{8}b-[0-9a-fA-F]{4}b-[0-9a-fA-F]{4}b-[0-9a-fA-F]{4}b-[0-9a-fA-F]{12}))?/?(?=/|$)^/webhooks/?$
	query,expressInit,elapsedTimeMetrics,sentryRequestMiddleware,urlencodedParser,jsonParser,cookieParser,LogMiddleware,_cookieSession,middleware,returnOnValidationError,WebhookReceiverPost
:GET ^/?(?=/|$)^/github/?(?=/|$)^(?:/([0-9a-fA-F]{8}b-[0-9a-fA-F]{4}b-[0-9a-fA-F]{4}b-[0-9a-fA-F]{4}b-[0-9a-fA-F]{12}))?/?(?=/|$)^/subscription-deferred-install/?(?=/|$)^/request/(?:([^/]+?))/?(?=/|$)^/?$
	query,expressInit,elapsedTimeMetrics,sentryRequestMiddleware,urlencodedParser,jsonParser,cookieParser,LogMiddleware,_cookieSession,validatePayloadAndPopulateJiraHost,GithubServerAppMiddleware,validateGitHubConfig,GithubAuthMiddleware,csrf,GitHubSubscriptionDeferredInstallGet
:POST ^/?(?=/|$)^/github/?(?=/|$)^(?:/([0-9a-fA-F]{8}b-[0-9a-fA-F]{4}b-[0-9a-fA-F]{4}b-[0-9a-fA-F]{4}b-[0-9a-fA-F]{12}))?/?(?=/|$)^/subscription-deferred-install/?(?=/|$)^/request/(?:([^/]+?))/?(?=/|$)^/?$
	query,expressInit,elapsedTimeMetrics,sentryRequestMiddleware,urlencodedParser,jsonParser,cookieParser,LogMiddleware,_cookieSession,validatePayloadAndPopulateJiraHost,GithubServerAppMiddleware,validateGitHubConfig,GithubAuthMiddleware,csrf,GithubSubscriptionDeferredInstallPost
:GET ^/?(?=/|$)^/github/?(?=/|$)^(?:/([0-9a-fA-F]{8}b-[0-9a-fA-F]{4}b-[0-9a-fA-F]{4}b-[0-9a-fA-F]{4}b-[0-9a-fA-F]{12}))?/?(?=/|$)^/create-branch/?(?=/|$)^/?$
	query,expressInit,elapsedTimeMetrics,sentryRequestMiddleware,urlencodedParser,jsonParser,cookieParser,LogMiddleware,_cookieSession,jiraSymmetricJwtMiddleware,GithubServerAppMiddleware,csrf,GithubCreateBranchGet
:POST ^/?(?=/|$)^/github/?(?=/|$)^(?:/([0-9a-fA-F]{8}b-[0-9a-fA-F]{4}b-[0-9a-fA-F]{4}b-[0-9a-fA-F]{4}b-[0-9a-fA-F]{12}))?/?(?=/|$)^/create-branch/?(?=/|$)^/?$
	query,expressInit,elapsedTimeMetrics,sentryRequestMiddleware,urlencodedParser,jsonParser,cookieParser,LogMiddleware,_cookieSession,jiraSymmetricJwtMiddleware,GithubServerAppMiddleware,csrf,GithubCreateBranchPost
:GET ^/?(?=/|$)^/github/?(?=/|$)^(?:/([0-9a-fA-F]{8}b-[0-9a-fA-F]{4}b-[0-9a-fA-F]{4}b-[0-9a-fA-F]{4}b-[0-9a-fA-F]{12}))?/?(?=/|$)^/create-branch/?(?=/|$)^/owners/(?:([^/]+?))/repos/(?:([^/]+?))/branches/?$
	query,expressInit,elapsedTimeMetrics,sentryRequestMiddleware,urlencodedParser,jsonParser,cookieParser,LogMiddleware,_cookieSession,jiraSymmetricJwtMiddleware,GithubServerAppMiddleware,csrf,GithubBranchesGet
:GET ^/?(?=/|$)^/github/?(?=/|$)^(?:/([0-9a-fA-F]{8}b-[0-9a-fA-F]{4}b-[0-9a-fA-F]{4}b-[0-9a-fA-F]{4}b-[0-9a-fA-F]{12}))?/?(?=/|$)^/create-branch/?(?=/|$)^/change-github-login/?$
	query,expressInit,elapsedTimeMetrics,sentryRequestMiddleware,urlencodedParser,jsonParser,cookieParser,LogMiddleware,_cookieSession,jiraSymmetricJwtMiddleware,GithubServerAppMiddleware,csrf,GithubRemoveSession
:GET ^/?(?=/|$)^/github/?(?=/|$)^(?:/([0-9a-fA-F]{8}b-[0-9a-fA-F]{4}b-[0-9a-fA-F]{4}b-[0-9a-fA-F]{4}b-[0-9a-fA-F]{12}))?/?(?=/|$)^/repository/?(?=/|$)^/?$
	query,expressInit,elapsedTimeMetrics,sentryRequestMiddleware,urlencodedParser,jsonParser,cookieParser,LogMiddleware,_cookieSession,jiraSymmetricJwtMiddleware,GithubServerAppMiddleware,csrf,GitHubRepositoryGet
:GET ^/?(?=/|$)^/github/?(?=/|$)^(?:/([0-9a-fA-F]{8}b-[0-9a-fA-F]{4}b-[0-9a-fA-F]{4}b-[0-9a-fA-F]{4}b-[0-9a-fA-F]{12}))?/?(?=/|$)^/branch/?(?=/|$)^/owner/(?:([^/]+?))/repo/(?:([^/]+?))/(?:([^/]+?))/?$
	query,expressInit,elapsedTimeMetrics,sentryRequestMiddleware,urlencodedParser,jsonParser,cookieParser,LogMiddleware,_cookieSession,jiraSymmetricJwtMiddleware,GithubServerAppMiddleware,csrf,GithubBranchGet
:GET ^/?(?=/|$)^/github/?(?=/|$)^(?:/([0-9a-fA-F]{8}b-[0-9a-fA-F]{4}b-[0-9a-fA-F]{4}b-[0-9a-fA-F]{4}b-[0-9a-fA-F]{12}))?/?(?=/|$)^/login/?$
	query,expressInit,elapsedTimeMetrics,sentryRequestMiddleware,urlencodedParser,jsonParser,cookieParser,LogMiddleware,_cookieSession,jiraSymmetricJwtMiddleware,GithubServerAppMiddleware,jiraAdminPermissionsMiddleware,GithubOAuthLoginGet
:GET ^/?(?=/|$)^/github/?(?=/|$)^(?:/([0-9a-fA-F]{8}b-[0-9a-fA-F]{4}b-[0-9a-fA-F]{4}b-[0-9a-fA-F]{4}b-[0-9a-fA-F]{12}))?/?(?=/|$)^/setup/?(?=/|$)^/?$
	query,expressInit,elapsedTimeMetrics,sentryRequestMiddleware,urlencodedParser,jsonParser,cookieParser,LogMiddleware,_cookieSession,jiraSymmetricJwtMiddleware,GithubServerAppMiddleware,jiraAdminPermissionsMiddleware,csrf,middleware,returnOnValidationError,GithubSetupGet
:POST ^/?(?=/|$)^/github/?(?=/|$)^(?:/([0-9a-fA-F]{8}b-[0-9a-fA-F]{4}b-[0-9a-fA-F]{4}b-[0-9a-fA-F]{4}b-[0-9a-fA-F]{12}))?/?(?=/|$)^/setup/?(?=/|$)^/?$
	query,expressInit,elapsedTimeMetrics,sentryRequestMiddleware,urlencodedParser,jsonParser,cookieParser,LogMiddleware,_cookieSession,jiraSymmetricJwtMiddleware,GithubServerAppMiddleware,jiraAdminPermissionsMiddleware,csrf,GithubSetupPost
:GET ^/?(?=/|$)^/github/?(?=/|$)^(?:/([0-9a-fA-F]{8}b-[0-9a-fA-F]{4}b-[0-9a-fA-F]{4}b-[0-9a-fA-F]{4}b-[0-9a-fA-F]{12}))?/?(?=/|$)^/manifest/?(?=/|$)^/complete/(?:([^/]+?))/?$
	query,expressInit,elapsedTimeMetrics,sentryRequestMiddleware,urlencodedParser,jsonParser,cookieParser,LogMiddleware,_cookieSession,jiraSymmetricJwtMiddleware,GithubServerAppMiddleware,jiraAdminPermissionsMiddleware,csrf,GithubManifestCompleteGet
:GET ^/?(?=/|$)^/github/?(?=/|$)^(?:/([0-9a-fA-F]{8}b-[0-9a-fA-F]{4}b-[0-9a-fA-F]{4}b-[0-9a-fA-F]{4}b-[0-9a-fA-F]{12}))?/?(?=/|$)^/manifest/?(?=/|$)^/(?:([^/]+?))/?$
	query,expressInit,elapsedTimeMetrics,sentryRequestMiddleware,urlencodedParser,jsonParser,cookieParser,LogMiddleware,_cookieSession,jiraSymmetricJwtMiddleware,GithubServerAppMiddleware,jiraAdminPermissionsMiddleware,csrf,GithubManifestGet
:GET ^/?(?=/|$)^/github/?(?=/|$)^(?:/([0-9a-fA-F]{8}b-[0-9a-fA-F]{4}b-[0-9a-fA-F]{4}b-[0-9a-fA-F]{4}b-[0-9a-fA-F]{12}))?/?(?=/|$)^/configuration/?(?=/|$)^/?$
	query,expressInit,elapsedTimeMetrics,sentryRequestMiddleware,urlencodedParser,jsonParser,cookieParser,LogMiddleware,_cookieSession,jiraSymmetricJwtMiddleware,GithubServerAppMiddleware,jiraAdminPermissionsMiddleware,csrf,GithubAuthMiddleware,GithubConfigurationGet
:POST ^/?(?=/|$)^/github/?(?=/|$)^(?:/([0-9a-fA-F]{8}b-[0-9a-fA-F]{4}b-[0-9a-fA-F]{4}b-[0-9a-fA-F]{4}b-[0-9a-fA-F]{12}))?/?(?=/|$)^/configuration/?(?=/|$)^/?$
	query,expressInit,elapsedTimeMetrics,sentryRequestMiddleware,urlencodedParser,jsonParser,cookieParser,LogMiddleware,_cookieSession,jiraSymmetricJwtMiddleware,GithubServerAppMiddleware,jiraAdminPermissionsMiddleware,csrf,GithubAuthMiddleware,GithubConfigurationPost
:GET ^/?(?=/|$)^/github/?(?=/|$)^(?:/([0-9a-fA-F]{8}b-[0-9a-fA-F]{4}b-[0-9a-fA-F]{4}b-[0-9a-fA-F]{4}b-[0-9a-fA-F]{12}))?/?(?=/|$)^/configuration/?(?=/|$)^/app-installations/?$
	query,expressInit,elapsedTimeMetrics,sentryRequestMiddleware,urlencodedParser,jsonParser,cookieParser,LogMiddleware,_cookieSession,jiraSymmetricJwtMiddleware,GithubServerAppMiddleware,jiraAdminPermissionsMiddleware,csrf,GithubAuthMiddleware,GithubConfigurationAppInstallsGet
:DELETE ^/?(?=/|$)^/github/?(?=/|$)^(?:/([0-9a-fA-F]{8}b-[0-9a-fA-F]{4}b-[0-9a-fA-F]{4}b-[0-9a-fA-F]{4}b-[0-9a-fA-F]{12}))?/?(?=/|$)^/subscriptions?/?(?=/|$)^/(?:([^/]+?))/?$
	query,expressInit,elapsedTimeMetrics,sentryRequestMiddleware,urlencodedParser,jsonParser,cookieParser,LogMiddleware,_cookieSession,jiraSymmetricJwtMiddleware,GithubServerAppMiddleware,jiraAdminPermissionsMiddleware,csrf,GithubAuthMiddleware,middleware,returnOnValidationError,GithubSubscriptionDelete
:DELETE ^/?(?=/|$)^/jira/?(?=/|$)^/subscription/(?:([^/]+?))/?$
	query,expressInit,elapsedTimeMetrics,sentryRequestMiddleware,urlencodedParser,jsonParser,cookieParser,LogMiddleware,_cookieSession,jiraSymmetricJwtMiddleware,jiraAdminPermissionsMiddleware,JiraDelete
:GET ^/?(?=/|$)^/jira/?(?=/|$)^/atlassian-connect.json/?$
	query,expressInit,elapsedTimeMetrics,sentryRequestMiddleware,urlencodedParser,jsonParser,cookieParser,LogMiddleware,_cookieSession,JiraAtlassianConnectGet
:GET ^/?(?=/|$)^/jira/?(?=/|$)^/connect/?(?=/|$)^/?$
	query,expressInit,elapsedTimeMetrics,sentryRequestMiddleware,urlencodedParser,jsonParser,cookieParser,LogMiddleware,_cookieSession,csrf,jiraSymmetricJwtMiddleware,jiraAdminPermissionsMiddleware,JiraConnectGet
:GET ^/?(?=/|$)^/jira/?(?=/|$)^/connect/?(?=/|$)^/enterprise/?(?=/|$)^/?$
	query,expressInit,elapsedTimeMetrics,sentryRequestMiddleware,urlencodedParser,jsonParser,cookieParser,LogMiddleware,_cookieSession,csrf,jiraSymmetricJwtMiddleware,jiraAdminPermissionsMiddleware,JiraConnectEnterpriseGet
:POST ^/?(?=/|$)^/jira/?(?=/|$)^/connect/?(?=/|$)^/enterprise/?(?=/|$)^/?$
	query,expressInit,elapsedTimeMetrics,sentryRequestMiddleware,urlencodedParser,jsonParser,cookieParser,LogMiddleware,_cookieSession,jiraSymmetricJwtMiddleware,jiraAdminPermissionsMiddleware,JiraConnectEnterprisePost
:DELETE ^/?(?=/|$)^/jira/?(?=/|$)^/connect/?(?=/|$)^/enterprise/?(?=/|$)^/?$
	query,expressInit,elapsedTimeMetrics,sentryRequestMiddleware,urlencodedParser,jsonParser,cookieParser,LogMiddleware,_cookieSession,jiraSymmetricJwtMiddleware,jiraAdminPermissionsMiddleware,JiraConnectEnterpriseDelete
:POST ^/?(?=/|$)^/jira/?(?=/|$)^/connect/?(?=/|$)^/enterprise/?(?=/|$)^/app/?(?=/|$)^/?$
	query,expressInit,elapsedTimeMetrics,sentryRequestMiddleware,urlencodedParser,jsonParser,cookieParser,LogMiddleware,_cookieSession,jiraSymmetricJwtMiddleware,jiraAdminPermissionsMiddleware,JiraConnectEnterpriseAppPost
:GET ^/?(?=/|$)^/jira/?(?=/|$)^/connect/?(?=/|$)^/enterprise/?(?=/|$)^/app/?(?=/|$)^/(?:([^/]+?))/?(?=/|$)^/?$
	query,expressInit,elapsedTimeMetrics,sentryRequestMiddleware,urlencodedParser,jsonParser,cookieParser,LogMiddleware,_cookieSession,jiraSymmetricJwtMiddleware,jiraAdminPermissionsMiddleware,GithubServerAppMiddleware,csrf,JiraConnectEnterpriseAppCreateOrEditGet
:PUT ^/?(?=/|$)^/jira/?(?=/|$)^/connect/?(?=/|$)^/enterprise/?(?=/|$)^/app/?(?=/|$)^/(?:([^/]+?))/?(?=/|$)^/?$
	query,expressInit,elapsedTimeMetrics,sentryRequestMiddleware,urlencodedParser,jsonParser,cookieParser,LogMiddleware,_cookieSession,jiraSymmetricJwtMiddleware,jiraAdminPermissionsMiddleware,GithubServerAppMiddleware,JiraConnectEnterpriseAppPut
:DELETE ^/?(?=/|$)^/jira/?(?=/|$)^/connect/?(?=/|$)^/enterprise/?(?=/|$)^/app/?(?=/|$)^/(?:([^/]+?))/?(?=/|$)^/?$
	query,expressInit,elapsedTimeMetrics,sentryRequestMiddleware,urlencodedParser,jsonParser,cookieParser,LogMiddleware,_cookieSession,jiraSymmetricJwtMiddleware,jiraAdminPermissionsMiddleware,GithubServerAppMiddleware,JiraConnectEnterpriseAppDelete
:GET ^/?(?=/|$)^/jira/?(?=/|$)^/connect/?(?=/|$)^/enterprise/?(?=/|$)^/(?:([^/]+?))/app/new/?$
	query,expressInit,elapsedTimeMetrics,sentryRequestMiddleware,urlencodedParser,jsonParser,cookieParser,LogMiddleware,_cookieSession,csrf,jiraSymmetricJwtMiddleware,jiraAdminPermissionsMiddleware,JiraConnectEnterpriseAppCreateOrEditGet
:GET ^/?(?=/|$)^/jira/?(?=/|$)^/connect/?(?=/|$)^/enterprise/?(?=/|$)^/(?:([^/]+?))/app/?$
	query,expressInit,elapsedTimeMetrics,sentryRequestMiddleware,urlencodedParser,jsonParser,cookieParser,LogMiddleware,_cookieSession,csrf,jiraSymmetricJwtMiddleware,jiraAdminPermissionsMiddleware,JiraConnectEnterpriseAppsGet
:POST ^/?(?=/|$)^/jira/?(?=/|$)^/sync/?$
	query,expressInit,elapsedTimeMetrics,sentryRequestMiddleware,urlencodedParser,jsonParser,cookieParser,LogMiddleware,_cookieSession,middleware,returnOnValidationError,jiraSymmetricJwtMiddleware,JiraSyncPost
:POST ^/?(?=/|$)^/jira/?(?=/|$)^/events/?(?=/|$)^/disabled/?$
	query,expressInit,elapsedTimeMetrics,sentryRequestMiddleware,urlencodedParser,jsonParser,cookieParser,LogMiddleware,_cookieSession,JiraDisabledPost
:POST ^/?(?=/|$)^/jira/?(?=/|$)^/events/?(?=/|$)^/enabled/?$
	query,expressInit,elapsedTimeMetrics,sentryRequestMiddleware,urlencodedParser,jsonParser,cookieParser,LogMiddleware,_cookieSession,JiraEnabledPost
:POST ^/?(?=/|$)^/jira/?(?=/|$)^/events/?(?=/|$)^/installed/?$
	query,expressInit,elapsedTimeMetrics,sentryRequestMiddleware,urlencodedParser,jsonParser,cookieParser,LogMiddleware,_cookieSession,validateAsymmetricJwtTokenMiddleware,JiraEventsInstallPost
:POST ^/?(?=/|$)^/jira/?(?=/|$)^/events/?(?=/|$)^/uninstalled/?$
	query,expressInit,elapsedTimeMetrics,sentryRequestMiddleware,urlencodedParser,jsonParser,cookieParser,LogMiddleware,_cookieSession,validateAsymmetricJwtTokenMiddleware,extractInstallationFromJiraCallback,JiraEventsUninstallPost
:GET ^/?(?=/|$)^/jira/?(?=/|$)^/workspaces/?(?=/|$)^/search/?$
	query,expressInit,elapsedTimeMetrics,sentryRequestMiddleware,urlencodedParser,jsonParser,cookieParser,LogMiddleware,_cookieSession,jiraSymmetricJwtMiddleware,JiraWorkspacesGet
:GET ^/?(?=/|$)^/jira/?(?=/|$)^/workspaces/?(?=/|$)^/repositories/?(?=/|$)^/search/?$
	query,expressInit,elapsedTimeMetrics,sentryRequestMiddleware,urlencodedParser,jsonParser,cookieParser,LogMiddleware,_cookieSession,jiraSymmetricJwtMiddleware,JiraWorkspacesRepositoriesGet
:POST ^/?(?=/|$)^/jira/?(?=/|$)^/workspaces/?(?=/|$)^/repositories/?(?=/|$)^/associate/?$
	query,expressInit,elapsedTimeMetrics,sentryRequestMiddleware,urlencodedParser,jsonParser,cookieParser,LogMiddleware,_cookieSession,jiraSymmetricJwtMiddleware,JiraWorkspacesRepositoriesAssociate
:POST ^/?(?=/|$)^/jira/?(?=/|$)^/security/?(?=/|$)^/workspaces/?(?=/|$)^/containers/?$
	query,expressInit,elapsedTimeMetrics,sentryRequestMiddleware,urlencodedParser,jsonParser,cookieParser,LogMiddleware,_cookieSession,jiraSymmetricJwtMiddleware,JiraSecurityWorkspacesContainersPost
:GET ^/?(?=/|$)^/jira/?(?=/|$)^/security/?(?=/|$)^/workspaces/?(?=/|$)^/containers/search/?$
	query,expressInit,elapsedTimeMetrics,sentryRequestMiddleware,urlencodedParser,jsonParser,cookieParser,LogMiddleware,_cookieSession,jiraSymmetricJwtMiddleware,JiraSecurityWorkspacesContainersSearchGet
:POST ^/?(?=/|$)^/jira/?(?=/|$)^/security/?(?=/|$)^/workspaces/?$
	query,expressInit,elapsedTimeMetrics,sentryRequestMiddleware,urlencodedParser,jsonParser,cookieParser,LogMiddleware,_cookieSession,jiraSymmetricJwtMiddleware,JiraSecurityWorkspacesPost
:GET ^/?(?=/|$)^/jira/?(?=/|$)^/?$
	query,expressInit,elapsedTimeMetrics,sentryRequestMiddleware,urlencodedParser,jsonParser,cookieParser,LogMiddleware,_cookieSession,csrf,jiraSymmetricJwtMiddleware,jiraAdminPermissionsMiddleware,JiraGet
:GET ^/?(?=/|$)^/jira/?(?=/|$)^/subscription/(?:([^/]+?))/repos/?$
	query,expressInit,elapsedTimeMetrics,sentryRequestMiddleware,urlencodedParser,jsonParser,cookieParser,LogMiddleware,_cookieSession,csrf,jiraSymmetricJwtMiddleware,jiraAdminPermissionsMiddleware,JiraConnectedReposGet
:GET ^/?(?=/|$)^/jira/?(?=/|$)^/configuration/?(?=/|$)^/?$
	query,expressInit,elapsedTimeMetrics,sentryRequestMiddleware,urlencodedParser,jsonParser,cookieParser,LogMiddleware,_cookieSession,csrf,jiraSymmetricJwtMiddleware,jiraAdminPermissionsMiddleware,JiraGet
:DELETE ^/?(?=/|$)^/jira/?(?=/|$)^/configuration/?(?=/|$)^/?$
	query,expressInit,elapsedTimeMetrics,sentryRequestMiddleware,urlencodedParser,jsonParser,cookieParser,LogMiddleware,_cookieSession,jiraSymmetricJwtMiddleware,jiraAdminPermissionsMiddleware,JiraDelete
:GET ^/?(?=/|$)^/?$
	query,expressInit,elapsedTimeMetrics,sentryRequestMiddleware,urlencodedParser,jsonParser,cookieParser,LogMiddleware,_cookieSession,jiraSymmetricJwtMiddleware,GitHubAppMarketplaceRedirectGet
:GET ^/?(?=/|$)(?:^/error/?$|^/error/(?:([^/]+?))/?$|^/error/(?:([^/]+?))/(?:([^/]+?))/?$)
	query,expressInit,elapsedTimeMetrics,sentryRequestMiddleware,urlencodedParser,jsonParser,cookieParser,LogMiddleware,_cookieSession,ErrorMiddlewareGet"
`;
